// Jest Snapshot v1, https://goo.gl/fbAQLP

exports[`Should add review page render correctly 1`] = `
Array [
  <div
    className="visually-hidden"
  >
    <svg
      xmlns="http://www.w3.org/2000/svg"
      xmlnsXlink="http://www.w3.org/1999/xlink"
    >
      <symbol
        viewBox="0 0 19 20"
      >
        <title>
          +
        </title>
        <g
          fill="none"
          fillRule="evenodd"
          strokeWidth="1"
        >
          <polygon
            fill="#EEE5B5"
            points="10.778 11.288 10.778 19.553 8.4165 19.553 8.4165 11.288 0.62793 11.288 0.62793 8.9268 8.4165 8.9268 8.4165 0.66211 10.778 0.66211 10.778 8.9268 18.566 8.9268 18.566 11.288"
          />
        </g>
      </symbol>
      <symbol
        fill="#FFF9D9"
        viewBox="0 0 27 27"
      >
        <path
          clipRule="evenodd"
          d="M23.8571 0H16V3.14286H23.8571V11H27V3.14286V0H23.8571Z"
          fillOpacity="0.7"
          fillRule="evenodd"
        />
        <path
          clipRule="evenodd"
          d="M27 23.8571V16H23.8571V23.8571H16V27H23.8571H27L27 23.8571Z"
          fillOpacity="0.7"
          fillRule="evenodd"
        />
        <path
          clipRule="evenodd"
          d="m0 3.1429v7.8571h3.1429v-7.8571h7.8571v-3.1429h-11v3.1429z"
          fillOpacity="0.7"
          fillRule="evenodd"
        />
        <path
          clipRule="evenodd"
          d="M3.14286 27H11V23.8571H3.14286L3.14286 16H0L0 23.8571V27H3.14286Z"
          fillOpacity="0.7"
          fillRule="evenodd"
        />
      </symbol>
      <symbol
        viewBox="0 0 18 14"
      >
        <path
          clipRule="evenodd"
          d="M2.40513 5.35353L6.1818 8.90902L15.5807 0L18 2.80485L6.18935 14L0 8.17346L2.40513 5.35353Z"
          fill="#EEE5B5"
          fillRule="evenodd"
        />
      </symbol>
      <symbol
        viewBox="0 0 14 21"
      >
        <g
          fill="#EEE5B5"
          fillRule="evenodd"
          strokeWidth="1"
        >
          <polygon
            fillRule="nonzero"
            points="0 -1.1191e-13 4 -1.1191e-13 4 21 0 21"
          />
          <polygon
            fillRule="nonzero"
            points="10 -1.1191e-13 14 -1.1191e-13 14 21 10 21"
          />
        </g>
      </symbol>
      <symbol
        id="play-s"
        viewBox="0 0 19 19"
      >
        <path
          clipRule="evenodd"
          d="M0 0L19 9.5L0 19V0Z"
          fill="#EEE5B5"
          fillRule="evenodd"
        />
      </symbol>
    </svg>
  </div>,
  <section
    className="movie-card movie-card--full"
    style={
      Object {
        "backgroundColor": "#A6B7AC",
      }
    }
  >
    <div
      className="movie-card__header"
    >
      <div
        className="movie-card__bg"
      >
        <img
          alt="Gangs of new york"
          src="https://htmlacademy-react-3.appspot.com/wtw/static/film/background/gangs_of_new_york.jpg"
        />
      </div>
      <h1
        className="visually-hidden"
      >
        WTW
      </h1>
      <header
        className="page-header"
      >
        <div
          className="logo"
        >
          <a
            className="logo__link"
            href="/"
            onClick={[Function]}
          >
            <span
              className="logo__letter logo__letter--1"
            >
              W
            </span>
            <span
              className="logo__letter logo__letter--2"
            >
              T
            </span>
            <span
              className="logo__letter logo__letter--3"
            >
              W
            </span>
          </a>
        </div>
        <nav
          className="breadcrumbs"
        >
          <ul
            className="breadcrumbs__list"
          >
            <li
              className="breadcrumbs__item"
            >
              <a
                className="breadcrumbs__link"
                href="/films/1"
                onClick={[Function]}
              >
                Gangs of new york
              </a>
            </li>
            <li
              className="breadcrumbs__item"
            >
              <a
                className="breadcrumbs__link"
              >
                Add review
              </a>
            </li>
          </ul>
        </nav>
        <div
          className="user-block"
        >
          <a
            href="/login"
            onClick={[Function]}
            style={
              Object {
                "color": "inherit",
                "cursor": "pointer",
                "textDecoration": "none",
              }
            }
          >
            Sign In
          </a>
        </div>
      </header>
      <div
        className="movie-card__poster movie-card__poster--small"
      >
        <img
          alt="Gangs of new york"
          height="327"
          src="https://htmlacademy-react-3.appspot.com/wtw/static/film/poster/Gangs_of_New_York_Poster.jpg"
          width="218"
        />
      </div>
    </div>
    <div
      className="add-review"
    >
      <form
        action="#"
        className="add-review__form"
        onSubmit={[Function]}
      >
        <div
          className="rating"
        >
          <div
            className="rating__stars"
            onChange={[Function]}
          >
            <input
              className="rating__input"
              disabled={false}
              id="star-1"
              name="rating"
              type="radio"
              value={1}
            />
            <label
              className="rating__label"
              htmlFor="star-1"
            >
              Rating 
              1
            </label>
            <input
              className="rating__input"
              disabled={false}
              id="star-2"
              name="rating"
              type="radio"
              value={2}
            />
            <label
              className="rating__label"
              htmlFor="star-2"
            >
              Rating 
              2
            </label>
            <input
              className="rating__input"
              disabled={false}
              id="star-3"
              name="rating"
              type="radio"
              value={3}
            />
            <label
              className="rating__label"
              htmlFor="star-3"
            >
              Rating 
              3
            </label>
            <input
              className="rating__input"
              disabled={false}
              id="star-4"
              name="rating"
              type="radio"
              value={4}
            />
            <label
              className="rating__label"
              htmlFor="star-4"
            >
              Rating 
              4
            </label>
            <input
              className="rating__input"
              disabled={false}
              id="star-5"
              name="rating"
              type="radio"
              value={5}
            />
            <label
              className="rating__label"
              htmlFor="star-5"
            >
              Rating 
              5
            </label>
          </div>
        </div>
        <div
          className="add-review__text"
          style={
            Object {
              "backgroundColor": "rgba(255, 255, 255, 0.3)",
            }
          }
        >
          <textarea
            className="add-review__textarea"
            id="review-text"
            name="review-text"
            onChange={[Function]}
            placeholder="Review text"
            required={true}
          />
          <div
            className="add-review__submit"
          >
            <button
              className="add-review__btn"
              disabled={false}
              type="submit"
            >
              Post
            </button>
          </div>
        </div>
      </form>
    </div>
  </section>,
]
`;
