// Jest Snapshot v1, https://goo.gl/fbAQLP

exports[`Render FilmsList 1`] = `
<div
  className="catalog__movies-list"
>
  <article
    className="small-movie-card catalog__movies-card"
    onClick={[Function]}
    onMouseEnter={[Function]}
    onMouseLeave={[Function]}
  >
    <div
      className="small-movie-card__image"
    >
      <video
        className="player__video"
        muted={true}
        poster="https://htmlacademy-react-3.appspot.com/wtw/static/film/preview/gangs_of_new_york.jpg"
      />
    </div>
    <h3
      className="small-movie-card__title"
    >
      <a
        className="small-movie-card__link"
        href="movie-page.html"
        onClick={[Function]}
      >
        Gangs of new york
      </a>
    </h3>
  </article>
  <article
    className="small-movie-card catalog__movies-card"
    onClick={[Function]}
    onMouseEnter={[Function]}
    onMouseLeave={[Function]}
  >
    <div
      className="small-movie-card__image"
    >
      <video
        className="player__video"
        muted={true}
        poster="https://htmlacademy-react-3.appspot.com/wtw/static/film/preview/moonrise-kingdom.jpg"
      />
    </div>
    <h3
      className="small-movie-card__title"
    >
      <a
        className="small-movie-card__link"
        href="movie-page.html"
        onClick={[Function]}
      >
        Moonrise Kingdom
      </a>
    </h3>
  </article>
  <article
    className="small-movie-card catalog__movies-card"
    onClick={[Function]}
    onMouseEnter={[Function]}
    onMouseLeave={[Function]}
  >
    <div
      className="small-movie-card__image"
    >
      <video
        className="player__video"
        muted={true}
        poster="https://htmlacademy-react-3.appspot.com/wtw/static/film/preview/pulp-fiction.jpg"
      />
    </div>
    <h3
      className="small-movie-card__title"
    >
      <a
        className="small-movie-card__link"
        href="movie-page.html"
        onClick={[Function]}
      >
        Pulp Fiction
      </a>
    </h3>
  </article>
  <article
    className="small-movie-card catalog__movies-card"
    onClick={[Function]}
    onMouseEnter={[Function]}
    onMouseLeave={[Function]}
  >
    <div
      className="small-movie-card__image"
    >
      <video
        className="player__video"
        muted={true}
        poster="https://htmlacademy-react-3.appspot.com/wtw/static/film/preview/bronson.jpg"
      />
    </div>
    <h3
      className="small-movie-card__title"
    >
      <a
        className="small-movie-card__link"
        href="movie-page.html"
        onClick={[Function]}
      >
        Bronson
      </a>
    </h3>
  </article>
  <article
    className="small-movie-card catalog__movies-card"
    onClick={[Function]}
    onMouseEnter={[Function]}
    onMouseLeave={[Function]}
  >
    <div
      className="small-movie-card__image"
    >
      <video
        className="player__video"
        muted={true}
        poster="https://htmlacademy-react-3.appspot.com/wtw/static/film/preview/midnight-special.jpg"
      />
    </div>
    <h3
      className="small-movie-card__title"
    >
      <a
        className="small-movie-card__link"
        href="movie-page.html"
        onClick={[Function]}
      >
        Midnight Special
      </a>
    </h3>
  </article>
  <article
    className="small-movie-card catalog__movies-card"
    onClick={[Function]}
    onMouseEnter={[Function]}
    onMouseLeave={[Function]}
  >
    <div
      className="small-movie-card__image"
    >
      <video
        className="player__video"
        muted={true}
        poster="https://htmlacademy-react-3.appspot.com/wtw/static/film/preview/matrix.jpg"
      />
    </div>
    <h3
      className="small-movie-card__title"
    >
      <a
        className="small-movie-card__link"
        href="movie-page.html"
        onClick={[Function]}
      >
        Matrix
      </a>
    </h3>
  </article>
  <article
    className="small-movie-card catalog__movies-card"
    onClick={[Function]}
    onMouseEnter={[Function]}
    onMouseLeave={[Function]}
  >
    <div
      className="small-movie-card__image"
    >
      <video
        className="player__video"
        muted={true}
        poster="https://htmlacademy-react-3.appspot.com/wtw/static/film/preview/Once_Upon_a_Time_in_America.jpg"
      />
    </div>
    <h3
      className="small-movie-card__title"
    >
      <a
        className="small-movie-card__link"
        href="movie-page.html"
        onClick={[Function]}
      >
        Once Upon a Time in America
      </a>
    </h3>
  </article>
  <article
    className="small-movie-card catalog__movies-card"
    onClick={[Function]}
    onMouseEnter={[Function]}
    onMouseLeave={[Function]}
  >
    <div
      className="small-movie-card__image"
    >
      <video
        className="player__video"
        muted={true}
        poster="https://htmlacademy-react-3.appspot.com/wtw/static/film/preview/johnny-english.jpg"
      />
    </div>
    <h3
      className="small-movie-card__title"
    >
      <a
        className="small-movie-card__link"
        href="movie-page.html"
        onClick={[Function]}
      >
        Johnny English
      </a>
    </h3>
  </article>
  <article
    className="small-movie-card catalog__movies-card"
    onClick={[Function]}
    onMouseEnter={[Function]}
    onMouseLeave={[Function]}
  >
    <div
      className="small-movie-card__image"
    >
      <video
        className="player__video"
        muted={true}
        poster="https://htmlacademy-react-3.appspot.com/wtw/static/film/preview/revenant.jpg"
      />
    </div>
    <h3
      className="small-movie-card__title"
    >
      <a
        className="small-movie-card__link"
        href="movie-page.html"
        onClick={[Function]}
      >
        The Revenant
      </a>
    </h3>
  </article>
  <article
    className="small-movie-card catalog__movies-card"
    onClick={[Function]}
    onMouseEnter={[Function]}
    onMouseLeave={[Function]}
  >
    <div
      className="small-movie-card__image"
    >
      <video
        className="player__video"
        muted={true}
        poster="https://htmlacademy-react-3.appspot.com/wtw/static/film/preview/we-need-to-talk-about-kevin.jpg"
      />
    </div>
    <h3
      className="small-movie-card__title"
    >
      <a
        className="small-movie-card__link"
        href="movie-page.html"
        onClick={[Function]}
      >
        We need to talk about Kevin
      </a>
    </h3>
  </article>
  <article
    className="small-movie-card catalog__movies-card"
    onClick={[Function]}
    onMouseEnter={[Function]}
    onMouseLeave={[Function]}
  >
    <div
      className="small-movie-card__image"
    >
      <video
        className="player__video"
        muted={true}
        poster="https://htmlacademy-react-3.appspot.com/wtw/static/film/preview/A_Star_Is_Born.jpg"
      />
    </div>
    <h3
      className="small-movie-card__title"
    >
      <a
        className="small-movie-card__link"
        href="movie-page.html"
        onClick={[Function]}
      >
        A Star Is Born
      </a>
    </h3>
  </article>
  <article
    className="small-movie-card catalog__movies-card"
    onClick={[Function]}
    onMouseEnter={[Function]}
    onMouseLeave={[Function]}
  >
    <div
      className="small-movie-card__image"
    >
      <video
        className="player__video"
        muted={true}
        poster="https://htmlacademy-react-3.appspot.com/wtw/static/film/preview/macbeth.jpg"
      />
    </div>
    <h3
      className="small-movie-card__title"
    >
      <a
        className="small-movie-card__link"
        href="movie-page.html"
        onClick={[Function]}
      >
        Macbeth
      </a>
    </h3>
  </article>
  <article
    className="small-movie-card catalog__movies-card"
    onClick={[Function]}
    onMouseEnter={[Function]}
    onMouseLeave={[Function]}
  >
    <div
      className="small-movie-card__image"
    >
      <video
        className="player__video"
        muted={true}
        poster="https://htmlacademy-react-3.appspot.com/wtw/static/film/preview/beach.jpg"
      />
    </div>
    <h3
      className="small-movie-card__title"
    >
      <a
        className="small-movie-card__link"
        href="movie-page.html"
        onClick={[Function]}
      >
        Beach
      </a>
    </h3>
  </article>
  <article
    className="small-movie-card catalog__movies-card"
    onClick={[Function]}
    onMouseEnter={[Function]}
    onMouseLeave={[Function]}
  >
    <div
      className="small-movie-card__image"
    >
      <video
        className="player__video"
        muted={true}
        poster="https://htmlacademy-react-3.appspot.com/wtw/static/film/preview/snatch.jpg"
      />
    </div>
    <h3
      className="small-movie-card__title"
    >
      <a
        className="small-movie-card__link"
        href="movie-page.html"
        onClick={[Function]}
      >
        Snatch
      </a>
    </h3>
  </article>
  <article
    className="small-movie-card catalog__movies-card"
    onClick={[Function]}
    onMouseEnter={[Function]}
    onMouseLeave={[Function]}
  >
    <div
      className="small-movie-card__image"
    >
      <video
        className="player__video"
        muted={true}
        poster="https://htmlacademy-react-3.appspot.com/wtw/static/film/preview/fantastic-beasts-the-crimes-of-grindelwald.jpg"
      />
    </div>
    <h3
      className="small-movie-card__title"
    >
      <a
        className="small-movie-card__link"
        href="movie-page.html"
        onClick={[Function]}
      >
        Fantastic Beasts: The Crimes of Grindelwald
      </a>
    </h3>
  </article>
  <article
    className="small-movie-card catalog__movies-card"
    onClick={[Function]}
    onMouseEnter={[Function]}
    onMouseLeave={[Function]}
  >
    <div
      className="small-movie-card__image"
    >
      <video
        className="player__video"
        muted={true}
        poster="https://htmlacademy-react-3.appspot.com/wtw/static/film/preview/seven-years-in-tibet.jpg"
      />
    </div>
    <h3
      className="small-movie-card__title"
    >
      <a
        className="small-movie-card__link"
        href="movie-page.html"
        onClick={[Function]}
      >
        Seven Years in Tibet
      </a>
    </h3>
  </article>
  <article
    className="small-movie-card catalog__movies-card"
    onClick={[Function]}
    onMouseEnter={[Function]}
    onMouseLeave={[Function]}
  >
    <div
      className="small-movie-card__image"
    >
      <video
        className="player__video"
        muted={true}
        poster="https://htmlacademy-react-3.appspot.com/wtw/static/film/preview/war-of-the-worlds.jpg"
      />
    </div>
    <h3
      className="small-movie-card__title"
    >
      <a
        className="small-movie-card__link"
        href="movie-page.html"
        onClick={[Function]}
      >
        War of the Worlds
      </a>
    </h3>
  </article>
  <article
    className="small-movie-card catalog__movies-card"
    onClick={[Function]}
    onMouseEnter={[Function]}
    onMouseLeave={[Function]}
  >
    <div
      className="small-movie-card__image"
    >
      <video
        className="player__video"
        muted={true}
        poster="https://htmlacademy-react-3.appspot.com/wtw/static/film/preview/shutter-island.jpg"
      />
    </div>
    <h3
      className="small-movie-card__title"
    >
      <a
        className="small-movie-card__link"
        href="movie-page.html"
        onClick={[Function]}
      >
        Shutter Island
      </a>
    </h3>
  </article>
  <article
    className="small-movie-card catalog__movies-card"
    onClick={[Function]}
    onMouseEnter={[Function]}
    onMouseLeave={[Function]}
  >
    <div
      className="small-movie-card__image"
    >
      <video
        className="player__video"
        muted={true}
        poster="https://htmlacademy-react-3.appspot.com/wtw/static/film/preview/dardjeeling_limited.jpg"
      />
    </div>
    <h3
      className="small-movie-card__title"
    >
      <a
        className="small-movie-card__link"
        href="movie-page.html"
        onClick={[Function]}
      >
        Dardjeeling Limited
      </a>
    </h3>
  </article>
  <article
    className="small-movie-card catalog__movies-card"
    onClick={[Function]}
    onMouseEnter={[Function]}
    onMouseLeave={[Function]}
  >
    <div
      className="small-movie-card__image"
    >
      <video
        className="player__video"
        muted={true}
        poster="https://htmlacademy-react-3.appspot.com/wtw/static/film/preview/legend.jpg"
      />
    </div>
    <h3
      className="small-movie-card__title"
    >
      <a
        className="small-movie-card__link"
        href="movie-page.html"
        onClick={[Function]}
      >
        Legend
      </a>
    </h3>
  </article>
  <article
    className="small-movie-card catalog__movies-card"
    onClick={[Function]}
    onMouseEnter={[Function]}
    onMouseLeave={[Function]}
  >
    <div
      className="small-movie-card__image"
    >
      <video
        className="player__video"
        muted={true}
        poster="https://htmlacademy-react-3.appspot.com/wtw/static/film/preview/no-country-for-old-men.jpg"
      />
    </div>
    <h3
      className="small-movie-card__title"
    >
      <a
        className="small-movie-card__link"
        href="movie-page.html"
        onClick={[Function]}
      >
        No Country for Old Men
      </a>
    </h3>
  </article>
  <article
    className="small-movie-card catalog__movies-card"
    onClick={[Function]}
    onMouseEnter={[Function]}
    onMouseLeave={[Function]}
  >
    <div
      className="small-movie-card__image"
    >
      <video
        className="player__video"
        muted={true}
        poster="https://htmlacademy-react-3.appspot.com/wtw/static/film/preview/orlando.jpg"
      />
    </div>
    <h3
      className="small-movie-card__title"
    >
      <a
        className="small-movie-card__link"
        href="movie-page.html"
        onClick={[Function]}
      >
        Orlando
      </a>
    </h3>
  </article>
  <article
    className="small-movie-card catalog__movies-card"
    onClick={[Function]}
    onMouseEnter={[Function]}
    onMouseLeave={[Function]}
  >
    <div
      className="small-movie-card__image"
    >
      <video
        className="player__video"
        muted={true}
        poster="https://htmlacademy-react-3.appspot.com/wtw/static/film/preview/bohemian_rhapsody.jpg"
      />
    </div>
    <h3
      className="small-movie-card__title"
    >
      <a
        className="small-movie-card__link"
        href="movie-page.html"
        onClick={[Function]}
      >
        Bohemian Rhapsody
      </a>
    </h3>
  </article>
  <article
    className="small-movie-card catalog__movies-card"
    onClick={[Function]}
    onMouseEnter={[Function]}
    onMouseLeave={[Function]}
  >
    <div
      className="small-movie-card__image"
    >
      <video
        className="player__video"
        muted={true}
        poster="https://htmlacademy-react-3.appspot.com/wtw/static/film/preview/aviator.jpg"
      />
    </div>
    <h3
      className="small-movie-card__title"
    >
      <a
        className="small-movie-card__link"
        href="movie-page.html"
        onClick={[Function]}
      >
        Aviator
      </a>
    </h3>
  </article>
  <article
    className="small-movie-card catalog__movies-card"
    onClick={[Function]}
    onMouseEnter={[Function]}
    onMouseLeave={[Function]}
  >
    <div
      className="small-movie-card__image"
    >
      <video
        className="player__video"
        muted={true}
        poster="https://htmlacademy-react-3.appspot.com/wtw/static/film/preview/what-we-do-in-the-shadows.jpg"
      />
    </div>
    <h3
      className="small-movie-card__title"
    >
      <a
        className="small-movie-card__link"
        href="movie-page.html"
        onClick={[Function]}
      >
        What We Do in the Shadows
      </a>
    </h3>
  </article>
</div>
`;
