// Jest Snapshot v1, https://goo.gl/fbAQLP

exports[`WithFullVideo is rendered correctly 1`] = `
<video
  className="player__video"
  poster="/img/player-poster.jpg"
/>
`;
